// Jest Snapshot v1, https://jestjs.io/docs/snapshot-testing

exports[`Pruebas en <FirstApp /> Debe hacer match con el snapshot 1`] = `
<div>
  <h1>
    hola, Soy Gokú
  </h1>
  <p>
    No hay subtítulo
  </p>
  <p>
    No hay título
  </p>
</div>
`;
